RAM Allocation [bytes]
Variable                                                                          Address   Size
------------------------------------------------------------------------------------------------
number                                                                            0x0160      10
adc_data                                                                          0x016A       2
input_index                                                                       0x016C       1

EEPROM Allocation [bytes]
Variable                                                                          Address   Size
------------------------------------------------------------------------------------------------

Register Allocation
Variable                                                                          Register  Size
------------------------------------------------------------------------------------------------
dienAp                                                                            R4,R5        2
temp                                                                              R6,R7        2

FLASH Allocation [words]
Function                                                                          Address   Size
------------------------------------------------------------------------------------------------
adc_isr                                                                           0x00060     45
show                                                                              0x0008D     36
main                                                                              0x000B1     62
