RAM Allocation [bytes]
Variable                                                                          Address   Size
------------------------------------------------------------------------------------------------
_base_y                                                                           0x0160       4

EEPROM Allocation [bytes]
Variable                                                                          Address   Size
------------------------------------------------------------------------------------------------

Register Allocation
Variable                                                                          Register  Size
------------------------------------------------------------------------------------------------
bit_count                                                                         R5           1
c                                                                                 R4           1
cl                                                                                R7           1
i                                                                                 R8,R9        2
hum                                                                               R6           1
temp                                                                              R11          1
_lcd_x                                                                            R10          1
_lcd_y                                                                            R13          1
_lcd_maxx                                                                         R12          1

FLASH Allocation [words]
Function                                                                          Address   Size
------------------------------------------------------------------------------------------------
request                                                                           0x0006C      8
response                                                                          0x00074     23
recive                                                                            0x0008B     38
readDHT11                                                                         0x000B1     47
readData                                                                          0x000E0     27
handleEvent                                                                       0x000FB     10
main                                                                              0x00105     89
_lcd_write_nibble_G100                                                            0x0015E     20
_lcd_write_data                                                                   0x00172     12
lcd_gotoxy                                                                        0x0017E     13
lcd_clear                                                                         0x0018B     10
lcd_putchar                                                                       0x00195     21
lcd_putsf                                                                         0x001AA     19
lcd_init                                                                          0x001BD     43
