RAM Allocation [bytes]
Variable                                                                          Address   Size
------------------------------------------------------------------------------------------------
number                                                                            0x0160      10
_base_y                                                                           0x016A       4
_lcd_maxx                                                                         0x016E       1

EEPROM Allocation [bytes]
Variable                                                                          Address   Size
------------------------------------------------------------------------------------------------

Register Allocation
Variable                                                                          Register  Size
------------------------------------------------------------------------------------------------
bit_count                                                                         R5           1
c                                                                                 R4           1
cl                                                                                R7           1
i                                                                                 R8,R9        2
hum                                                                               R6           1
temp                                                                              R11          1
tempLimit                                                                         R10          1
_lcd_x                                                                            R13          1
_lcd_y                                                                            R12          1

FLASH Allocation [words]
Function                                                                          Address   Size
------------------------------------------------------------------------------------------------
request                                                                           0x00074      8
response                                                                          0x0007C     23
recive                                                                            0x00093     38
readDHT11                                                                         0x000B9     47
readData                                                                          0x000E8     27
handleTemp                                                                        0x00103     22
handleHum                                                                         0x00119      9
display                                                                           0x00122     36
displayHumidity                                                                   0x00146     15
displayTemperature                                                                0x00155     17
setTempLimit                                                                      0x00166     15
main                                                                              0x00175     67
_lcd_write_nibble_G100                                                            0x001B8     20
_lcd_write_data                                                                   0x001CC     12
lcd_gotoxy                                                                        0x001D8     13
lcd_clear                                                                         0x001E5     10
lcd_putchar                                                                       0x001EF     23
lcd_putsf                                                                         0x00206     19
lcd_init                                                                          0x00219     44
