RAM Allocation [bytes]
Variable                                                                          Address   Size
------------------------------------------------------------------------------------------------
_base_y                                                                           0x0160       4

EEPROM Allocation [bytes]
Variable                                                                          Address   Size
------------------------------------------------------------------------------------------------

Register Allocation
Variable                                                                          Register  Size
------------------------------------------------------------------------------------------------
temperature                                                                       R4,R5        2
humidity                                                                          R6,R7        2
_lcd_x                                                                            R9           1
_lcd_y                                                                            R8           1
_lcd_maxx                                                                         R11          1

FLASH Allocation [words]
Function                                                                          Address   Size
------------------------------------------------------------------------------------------------
readData                                                                          0x00071     29
main                                                                              0x0008E     89
dht_getdata                                                                       0x000E7    218
dht_gettemperature                                                                0x001C1     11
dht_gethumidity                                                                   0x001CC     12
_lcd_write_nibble_G101                                                            0x001D8     20
_lcd_write_data                                                                   0x001EC     12
lcd_gotoxy                                                                        0x001F8     13
lcd_clear                                                                         0x00205     12
lcd_putchar                                                                       0x00211     21
lcd_putsf                                                                         0x00226     19
lcd_init                                                                          0x00239     46
memset                                                                            0x00267     16
