RAM Allocation [bytes]
Variable                                                                          Address   Size
------------------------------------------------------------------------------------------------
adc_data                                                                          0x0160       2
input_index                                                                       0x0162       1
_base_y                                                                           0x0163       4

EEPROM Allocation [bytes]
Variable                                                                          Address   Size
------------------------------------------------------------------------------------------------

Register Allocation
Variable                                                                          Register  Size
------------------------------------------------------------------------------------------------
_lcd_x                                                                            R5           1
_lcd_y                                                                            R4           1
_lcd_maxx                                                                         R7           1

FLASH Allocation [words]
Function                                                                          Address   Size
------------------------------------------------------------------------------------------------
adc_isr                                                                           0x0005F     45
main                                                                              0x0008C     52
_lcd_write_nibble_G100                                                            0x000C0     20
_lcd_write_data                                                                   0x000D4     12
lcd_gotoxy                                                                        0x000E0     13
lcd_clear                                                                         0x000ED     10
lcd_putchar                                                                       0x000F7     21
lcd_putsf                                                                         0x0010C     19
lcd_init                                                                          0x0011F     43
